2026-07-13 22:25:11,039 INFO connected + guard OK: DEMO login 2883015767 (dry_run=True, 20 configs, window=10000)
2026-07-13 22:25:11,039 INFO === cycle 2026-07-14T02:25:11.039742+00:00 | guard OK | kill=False | dry_run=True ===
2026-07-13 22:25:11,372 INFO [SS-M2] bar=2026-07-13T22:22:00+00:00 actions: none
2026-07-13 22:25:11,512 INFO [V06D-M2] bar=2026-07-13T22:22:00+00:00 actions: none
2026-07-13 22:25:11,799 INFO [V15-M2] bar=2026-07-13T22:22:00+00:00 actions: none
2026-07-13 22:25:12,078 INFO [SS-M5] bar=2026-07-13T22:20:00+00:00 actions: none
2026-07-13 22:25:12,209 INFO [V06D-M5] bar=2026-07-13T22:20:00+00:00 actions: none
2026-07-13 22:25:12,351 INFO [V13-M5] bar=2026-07-13T22:20:00+00:00 actions: none
2026-07-13 22:25:12,507 INFO [SS-M15] bar=2026-07-13T22:00:00+00:00 actions: none
2026-07-13 22:25:12,634 INFO [V13-M15] bar=2026-07-13T22:00:00+00:00 actions: none
2026-07-13 22:25:12,777 INFO [V06D-M15] bar=2026-07-13T22:00:00+00:00 actions: none
2026-07-13 22:25:12,919 INFO [V06C-M5] bar=2026-07-13T22:20:00+00:00 actions: none
2026-07-13 22:25:13,062 INFO [V06C-M15] bar=2026-07-13T22:00:00+00:00 actions: none
2026-07-13 22:25:13,206 INFO [V06B-M15] bar=2026-07-13T22:00:00+00:00 actions: none
2026-07-13 22:25:13,490 INFO [V15-M15] bar=2026-07-13T22:00:00+00:00 actions: none
2026-07-13 22:25:13,696 INFO [V10-M5] bar=2026-07-13T22:20:00+00:00 actions: none
2026-07-13 22:25:13,862 INFO [V10-M15] bar=2026-07-13T22:00:00+00:00 actions: none
2026-07-13 22:25:14,008 INFO [V13-M2] bar=2026-07-13T22:22:00+00:00 actions: none
2026-07-13 22:25:14,157 INFO [V09-CTRL-M5] bar=2026-07-13T22:20:00+00:00 actions: none
2026-07-13 22:25:14,300 INFO [V09-CTRL-M15] bar=2026-07-13T22:00:00+00:00 actions: none
2026-07-13 22:25:14,585 INFO [SS-M1] bar=2026-07-13T22:24:00+00:00 actions: none
2026-07-13 22:25:14,727 INFO [V11-M2] bar=2026-07-13T22:22:00+00:00 actions: none
2026-07-13 22:25:14,727 INFO executor stopped cleanly.
2026-07-13 22:34:50,380 INFO connected + guard OK: DEMO login 2883015767 (dry_run=True, 20 configs, window=10000)
2026-07-13 22:34:50,380 INFO === cycle 2026-07-14T02:34:50.380712+00:00 | guard OK | kill=False | dry_run=True ===
2026-07-13 22:34:50,663 INFO [SS-M2] bar=2026-07-13T22:32:00+00:00 actions: none
2026-07-13 22:34:50,792 INFO [V06D-M2] bar=2026-07-13T22:32:00+00:00 actions: none
2026-07-13 22:34:51,050 INFO [V15-M2] bar=2026-07-13T22:32:00+00:00 actions: none
2026-07-13 22:34:51,300 INFO [SS-M5] bar=2026-07-13T22:25:00+00:00 actions: none
2026-07-13 22:34:51,428 INFO [V06D-M5] bar=2026-07-13T22:25:00+00:00 actions: none
2026-07-13 22:34:51,555 INFO [V13-M5] bar=2026-07-13T22:25:00+00:00 actions: none
2026-07-13 22:34:51,697 INFO [SS-M15] bar=2026-07-13T22:15:00+00:00 actions: none
2026-07-13 22:34:51,824 INFO [V13-M15] bar=2026-07-13T22:15:00+00:00 actions: none
2026-07-13 22:34:51,935 INFO [V06D-M15] bar=2026-07-13T22:15:00+00:00 actions: none
2026-07-13 22:34:52,062 INFO [V06C-M5] bar=2026-07-13T22:25:00+00:00 actions: none
2026-07-13 22:34:52,190 INFO [V06C-M15] bar=2026-07-13T22:15:00+00:00 actions: none
2026-07-13 22:34:52,301 INFO [V06B-M15] bar=2026-07-13T22:15:00+00:00 actions: none
2026-07-13 22:34:52,557 INFO [V15-M15] bar=2026-07-13T22:15:00+00:00 actions: none
2026-07-13 22:34:52,758 INFO [V10-M5] bar=2026-07-13T22:25:00+00:00 actions: none
2026-07-13 22:34:52,890 INFO [V10-M15] bar=2026-07-13T22:15:00+00:00 actions: none
2026-07-13 22:34:53,033 INFO [V13-M2] bar=2026-07-13T22:32:00+00:00 actions: none
2026-07-13 22:34:53,158 INFO [V09-CTRL-M5] bar=2026-07-13T22:25:00+00:00 actions: none
2026-07-13 22:34:53,272 INFO [V09-CTRL-M15] bar=2026-07-13T22:15:00+00:00 actions: none
2026-07-13 22:34:53,527 INFO [SS-M1] bar=2026-07-13T22:33:00+00:00 actions: none
2026-07-13 22:34:53,659 INFO [V11-M2] bar=2026-07-13T22:32:00+00:00 actions: none
2026-07-13 22:34:53,659 INFO executor stopped cleanly.
